[x]
[PyFile:17(test_stack)]
[x]
[PyFile:2(function_1)]
[PyFile:17(test_stack)]
[x]
[PyFile:5(function_2)]
[PyFile:17(test_stack)]
[x]
[PyFile:2(function_1)]
[PyFile:5(function_2)]
[PyFile:17(test_stack)]
[x]
[PyFile:8(function_3)]
[PyFile:18(test_stack)]
[x]
[PyFile:11(function_4)]
[PyFile:19(test_stack)]
[x]
[PyFile:14(function_5)]
[PyFile:20(test_stack)]