[x]
[PyFile:8(test_unicode_stack)]
[x]
[PyFile:2(function_1)]
[PyFile:8(test_unicode_stack)]
[x]
[PyFile:9(únícódé)]
[PyFile:9(test_unicode_stack)]
[x]
[PyFile:5(function_2)]
[PyFile:9(únícódé)]
[PyFile:9(test_unicode_stack)]
[x]
[PyFile:2(function_1)]
[PyFile:5(function_2)]
[PyFile:9(únícódé)]
[PyFile:9(test_unicode_stack)]

